[    1043ms] [LOG] WARNING: Tried to load AngularJS more than once. @ https://js.rbxcdn.com/7e3acadef63eb23dd02929eb5e500214e9a8e6400fd42d7a2b35133fc009e0d3-Sentry.js:0
[    1928ms] [WARNING] An error occurred! For more details, see the full error text at https://go.apollo.dev/c/err#%7B%22version%22%3A%223.14.0%22%2C%22message%22%3A104%2C%22args%22%3A%5B%22ApolloClient%22%2C%22connectToDevTools%22%2C%22Please%20use%20%60devtools.enabled%60%20instead.%22%5D%7D @ https://js.rbxcdn.com/7e3acadef63eb23dd02929eb5e500214e9a8e6400fd42d7a2b35133fc009e0d3-Sentry.js:0
[    1990ms] [ERROR] Failed to load resource: the server responded with a status of 403 () @ https://apis.roblox.com/user-heartbeats-api/pulse:0
[    2012ms] [WARNING] The namespace Purchasing.PurchaseDialog was not found @ https://js.rbxcdn.com/7e3acadef63eb23dd02929eb5e500214e9a8e6400fd42d7a2b35133fc009e0d3-Sentry.js:0
[    2572ms] [LOG] 
      _______      _________      _____       ______     _
     / _____ \    |____ ____|    / ___ \     | ____ \   | |
    / /     \_\       | |       / /   \ \    | |   \ \  | |
    | |               | |      / /     \ \   | |   | |  | |
    \ \______         | |      | |     | |   | |___/ /  | |
     \______ \        | |      | |     | |   |  ____/   | |
            \ \       | |      | |     | |   | |        | |
     _      | |       | |      \ \     / /   | |        |_|
    \ \_____/ /       | |       \ \___/ /    | |         _
     \_______/        |_|        \_____/     |_|        |_|

     Keep your account safe! Do not send any information from
     here to anyone or paste any text here.

     If someone is asking you to copy or paste text here then
     you're giving someone access to your account, your gear,
     and your Robux.

     To learn more about keeping your account safe you can go to

     https://www.roblox.com/info/account-safety @ https://js.rbxcdn.com/7e3acadef63eb23dd02929eb5e500214e9a8e6400fd42d7a2b35133fc009e0d3-Sentry.js:0
[    2788ms] [LOG] Account Security Prompt: No assignments were retrieved @ https://js.rbxcdn.com/7e3acadef63eb23dd02929eb5e500214e9a8e6400fd42d7a2b35133fc009e0d3-Sentry.js:0
[    4454ms] [INFO] [2026-07-09T22:51:02.049Z] Information: WebSocket connected to wss://realtime-signalr.roblox.com/userhub. @ https://js.rbxcdn.com/7e3acadef63eb23dd02929eb5e500214e9a8e6400fd42d7a2b35133fc009e0d3-Sentry.js:0
[   14595ms] [ERROR] Failed to load resource: the server responded with a status of 403 () @ https://apis.roblox.com/rotating-client-service/v1/heartbeat?pathname=%2Fhome:0
[  235794ms] [ERROR] Failed to load resource: the server responded with a status of 403 () @ https://apis.roblox.com/user-heartbeats-api/pulse:0
[  241504ms] [LOG] WARNING: Tried to load AngularJS more than once. @ https://js.rbxcdn.com/7e3acadef63eb23dd02929eb5e500214e9a8e6400fd42d7a2b35133fc009e0d3-Sentry.js:0
[  241593ms] [WARNING] An error occurred! For more details, see the full error text at https://go.apollo.dev/c/err#%7B%22version%22%3A%223.14.0%22%2C%22message%22%3A104%2C%22args%22%3A%5B%22ApolloClient%22%2C%22connectToDevTools%22%2C%22Please%20use%20%60devtools.enabled%60%20instead.%22%5D%7D @ https://js.rbxcdn.com/7e3acadef63eb23dd02929eb5e500214e9a8e6400fd42d7a2b35133fc009e0d3-Sentry.js:0
[  241602ms] [WARNING] The namespace Purchasing.PurchaseDialog was not found @ https://js.rbxcdn.com/7e3acadef63eb23dd02929eb5e500214e9a8e6400fd42d7a2b35133fc009e0d3-Sentry.js:0
[  241688ms] [LOG] 
      _______      _________      _____       ______     _
     / _____ \    |____ ____|    / ___ \     | ____ \   | |
    / /     \_\       | |       / /   \ \    | |   \ \  | |
    | |               | |      / /     \ \   | |   | |  | |
    \ \______         | |      | |     | |   | |___/ /  | |
     \______ \        | |      | |     | |   |  ____/   | |
            \ \       | |      | |     | |   | |        | |
     _      | |       | |      \ \     / /   | |        |_|
    \ \_____/ /       | |       \ \___/ /    | |         _
     \_______/        |_|        \_____/     |_|        |_|

     Keep your account safe! Do not send any information from
     here to anyone or paste any text here.

     If someone is asking you to copy or paste text here then
     you're giving someone access to your account, your gear,
     and your Robux.

     To learn more about keeping your account safe you can go to

     https://www.roblox.com/info/account-safety @ https://js.rbxcdn.com/7e3acadef63eb23dd02929eb5e500214e9a8e6400fd42d7a2b35133fc009e0d3-Sentry.js:0
[  242254ms] [ERROR] Failed to load resource: the server responded with a status of 403 () @ https://apis.roblox.com/user-heartbeats-api/pulse:0
[  242256ms] [ERROR] Failed to load resource: the server responded with a status of 403 () @ https://apis.roblox.com/rotating-client-service/v1/register:0
[  242260ms] [LOG] Account Security Prompt: No assignments were retrieved @ https://js.rbxcdn.com/7e3acadef63eb23dd02929eb5e500214e9a8e6400fd42d7a2b35133fc009e0d3-Sentry.js:0
[  245897ms] [INFO] [2026-07-09T22:55:03.491Z] Information: WebSocket connected to wss://realtime-signalr.roblox.com/userhub. @ https://js.rbxcdn.com/7e3acadef63eb23dd02929eb5e500214e9a8e6400fd42d7a2b35133fc009e0d3-Sentry.js:0
[  247425ms] [ERROR] Failed to load resource: the server responded with a status of 403 () @ https://apis.roblox.com/rotating-client-service/v1/heartbeat?pathname=%2Fhome:0
